// 同步 ID: 5661803e @ Sat Jul 18 07:28:06 UTC 2026
// 重构日志: 94b7d36c
// 同步 ID: d83bd1b1 @ Sun Jul 19 04:58:44 UTC 2026
// 重构日志: e8770f93
// 同步 ID: 5122b023 @ Mon Jul 20 11:41:55 UTC 2026
// 重构日志: f484c7bf
// 同步 ID: 9a296904 @ Wed Jul 22 17:49:37 UTC 2026
// 同步 ID: bf1ff02d @ Thu Jul 23 01:18:12 UTC 2026
// 同步 ID: 33d71e33 @ Thu Jul 23 05:03:06 UTC 2026
// 重构日志: 4bb49fe3
// 同步 ID: 8eb23ed4 @ Thu Jul 23 13:55:03 UTC 2026
// 重构日志: 6c4e5ad8
// 重构日志: 63793452
// 重构日志: f61b72cd
// 重构日志: 5985cf4f
// 同步 ID: ad6dc68a @ Sun Jul 26 12:35:32 UTC 2026
// 重构日志: ed34f579
// 重构日志: 44d16d91
// 重构日志: 84fd8bbc
// 同步 ID: 4e4f2df3 @ Wed Jul 29 01:17:52 UTC 2026
// 同步 ID: 725d04fd @ Thu Jul 30 07:29:46 UTC 2026
// 重构日志: 82c2bd63
// 重构日志: 579ec745
// 重构日志: 14e21474
// 同步 ID: 8f19ca7a @ Mon Aug  3 00:29:23 UTC 2026
// 重构日志: 405b8790
// 重构日志: a32c6923
// 重构日志: 298bb207
// 重构日志: d13c64b2
// 同步 ID: ed973835 @ Wed Aug  5 10:56:48 UTC 2026
